npm warn Unknown env config "http-proxy". This will stop working in the next major version of npm.

> simulate:generation
> node scripts/simulate-piece-generation.mjs --samples 10000 --samples 10000

(node:18) [MODULE_TYPELESS_PACKAGE_JSON] Warning: Module type of file:///workspace/scratch/7bb2fb03b768/source/relax-block-puzzle/shared/js/game/coreConstants.js is not specified and it doesn't parse as CommonJS.
Reparsing as ES module because module syntax was detected. This incurs a performance overhead.
To eliminate this warning, add "type": "module" to /workspace/scratch/7bb2fb03b768/source/relax-block-puzzle/package.json.
(Use `node --trace-warnings ...` to show where the warning was created)
{
  "generator": "shared/js/game/Piece.js",
  "easy": {
    "samples": 10000,
    "fixtures": [
      "empty",
      "quarter",
      "half",
      "fragmented",
      "narrowLanes",
      "nearlyFullRow",
      "nearlyFullColumn",
      "critical"
    ],
    "categoryRatios": {
      "rescue": 0.6235,
      "simple": 0.2521,
      "medium": 0.1244,
      "hard": 0
    },
    "baseIdRatios": {
      "l3": 0.2521,
      "single": 0.24946666666666667,
      "line2": 0.21043333333333333,
      "line3": 0.1636,
      "line4": 0.045566666666666665,
      "square2": 0.040433333333333335,
      "corner4": 0.0384
    },
    "rotationShares": {
      "single": {
        "0:0": 1
      },
      "square2": {
        "0:0|1:0|0:1|1:1": 1
      },
      "line3": {
        "0:0|1:0|2:0": 0.4771801140994295,
        "0:0|0:1|0:2": 0.5228198859005705
      },
      "line2": {
        "0:0|0:1": 0.50594012355457,
        "0:0|1:0": 0.4940598764454301
      },
      "l3": {
        "0:0|1:0|1:1": 0.2584953060954648,
        "0:0|0:1|1:1": 0.25690863413989157,
        "0:0|1:0|0:1": 0.24143858257305303,
        "1:0|0:1|1:1": 0.24315747719159064
      },
      "corner4": {
        "0:0|1:0|2:0|0:1": 0.2543402777777778,
        "0:0|1:0|1:1|1:2": 0.21788194444444445,
        "0:0|0:1|0:2|1:2": 0.2482638888888889,
        "2:0|0:1|1:1|2:1": 0.2795138888888889
      },
      "line4": {
        "0:0|0:1|0:2|0:3": 0.5749817117776153,
        "0:0|1:0|2:0|3:0": 0.4250182882223848
      }
    },
    "rackDuplicateRate": 0,
    "consecutiveRepeatRate": 0.9708,
    "similarConsecutiveRate": 0.6266,
    "averageConsecutiveIntersection": 1.7254,
    "maxDroughtByBase": {
      "single": 6,
      "line2": 6,
      "line3": 10,
      "l3": 5,
      "line4": 40,
      "square2": 82,
      "corner4": 91,
      "z": 10000,
      "s": 10000,
      "stair5": 10000,
      "t4": 10000,
      "t5": 10000,
      "l5": 10000,
      "cross5": 10000,
      "square3": 10000,
      "line5": 10000
    },
    "failedRate": 0,
    "maxSnakeStreak": 0,
    "crowdedSamples": 7500,
    "crowdedRescueRate": 1,
    "quality": {
      "fullSequenceRate": 1,
      "threePlaceableRate": 0.5733,
      "onlyOnePlaceableRate": 0.2002,
      "forcedZeroRate": 0,
      "depthDistribution": {
        "0": 0,
        "1": 0,
        "2": 0,
        "3": 1
      },
      "averageLegalPlacements": 78.0805
    },
    "generationTimeMs": {
      "average": 0.8114937554999962,
      "p95": 1.1332160000000044,
      "worst": 201.96202799999992
    }
  },
  "normal": {
    "samples": 10000,
    "fixtures": [
      "empty",
      "quarter",
      "half",
      "fragmented",
      "narrowLanes",
      "nearlyFullRow",
      "nearlyFullColumn",
      "critical"
    ],
    "categoryRatios": {
      "rescue": 0.475,
      "simple": 0.34046666666666664,
      "medium": 0.14193333333333333,
      "hard": 0.0426
    },
    "baseIdRatios": {
      "l3": 0.34046666666666664,
      "single": 0.19743333333333332,
      "line2": 0.1595,
      "line3": 0.11806666666666667,
      "line4": 0.05223333333333333,
      "square2": 0.049933333333333337,
      "corner4": 0.039766666666666665,
      "t4": 0.009866666666666666,
      "l5": 0.007466666666666667,
      "t5": 0.006533333333333334,
      "line5": 0.006033333333333333,
      "square3": 0.0054,
      "cross5": 0.003,
      "z": 0.0017333333333333333,
      "s": 0.0013666666666666666,
      "stair5": 0.0012
    },
    "rotationShares": {
      "t4": {
        "0:0|0:1|1:1|0:2": 0.2533783783783784,
        "1:0|0:1|1:1|2:1": 0.27702702702702703,
        "1:0|0:1|1:1|1:2": 0.23986486486486486,
        "0:0|1:0|2:0|1:1": 0.22972972972972974
      },
      "l3": {
        "0:0|0:1|1:1": 0.2624828666536127,
        "0:0|1:0|0:1": 0.2383003720383787,
        "0:0|1:0|1:1": 0.2621891521441159,
        "1:0|0:1|1:1": 0.2370276091638927
      },
      "line2": {
        "0:0|0:1": 0.5111807732497388,
        "0:0|1:0": 0.48881922675026124
      },
      "line4": {
        "0:0|0:1|0:2|0:3": 0.5341416719846841,
        "0:0|1:0|2:0|3:0": 0.4658583280153159
      },
      "line3": {
        "0:0|1:0|2:0": 0.4754376058723885,
        "0:0|0:1|0:2": 0.5245623941276115
      },
      "single": {
        "0:0": 1
      },
      "square2": {
        "0:0|1:0|0:1|1:1": 1
      },
      "corner4": {
        "2:0|0:1|1:1|2:1": 0.20368818105616093,
        "0:0|1:0|1:1|1:2": 0.30511316010058676,
        "0:0|0:1|0:2|1:2": 0.24476110645431684,
        "0:0|1:0|2:0|0:1": 0.24643755238893544
      },
      "line5": {
        "0:0|0:1|0:2|0:3|0:4": 0.4861878453038674,
        "0:0|1:0|2:0|3:0|4:0": 0.5138121546961326
      },
      "l5": {
        "0:0|1:0|2:0|2:1|2:2": 0.19196428571428573,
        "0:0|0:1|0:2|1:2|2:2": 0.29017857142857145,
        "0:0|1:0|2:0|0:1|0:2": 0.2857142857142857,
        "2:0|2:1|0:2|1:2|2:2": 0.23214285714285715
      },
      "t5": {
        "2:0|0:1|1:1|2:1|2:2": 0.25,
        "0:0|1:0|2:0|1:1|1:2": 0.2653061224489796,
        "1:0|1:1|0:2|1:2|2:2": 0.2653061224489796,
        "0:0|0:1|1:1|2:1|0:2": 0.2193877551020408
      },
      "s": {
        "0:0|0:1|1:1|1:2": 0.5365853658536586,
        "1:0|2:0|0:1|1:1": 0.4634146341463415
      },
      "square3": {
        "0:0|1:0|2:0|0:1|1:1|2:1|0:2|1:2|2:2": 1
      },
      "z": {
        "1:0|0:1|1:1|0:2": 0.46153846153846156,
        "0:0|1:0|1:1|2:1": 0.5384615384615384
      },
      "cross5": {
        "1:0|0:1|1:1|2:1|1:2": 1
      },
      "stair5": {
        "0:0|1:0|1:1|2:1|2:2": 0.3055555555555556,
        "2:0|1:1|2:1|0:2|1:2": 0.3611111111111111,
        "1:0|2:0|0:1|1:1|0:2": 0.25,
        "0:0|0:1|1:1|1:2|2:2": 0.08333333333333333
      }
    },
    "rackDuplicateRate": 0.4104,
    "consecutiveRepeatRate": 0.8378,
    "similarConsecutiveRate": 0.441,
    "averageConsecutiveIntersection": 1.3661,
    "maxDroughtByBase": {
      "single": 7,
      "line2": 13,
      "line3": 15,
      "l3": 6,
      "line4": 43,
      "square2": 43,
      "corner4": 61,
      "z": 1011,
      "s": 950,
      "stair5": 994,
      "t4": 149,
      "t5": 410,
      "l5": 267,
      "cross5": 510,
      "square3": 419,
      "line5": 309
    },
    "failedRate": 0,
    "maxSnakeStreak": 1,
    "crowdedSamples": 7500,
    "crowdedRescueRate": 0.9316,
    "quality": {
      "fullSequenceRate": 0.8978,
      "threePlaceableRate": 0.5178,
      "onlyOnePlaceableRate": 0.2278,
      "forcedZeroRate": 0,
      "depthDistribution": {
        "0": 0,
        "1": 0,
        "2": 0.1022,
        "3": 0.8978
      },
      "averageLegalPlacements": 70.5318
    },
    "generationTimeMs": {
      "average": 0.46075253950000117,
      "p95": 1.6723619999993389,
      "worst": 58.93297200000052
    }
  },
  "master": {
    "samples": 10000,
    "fixtures": [
      "empty",
      "quarter",
      "half",
      "fragmented",
      "narrowLanes",
      "nearlyFullRow",
      "nearlyFullColumn",
      "critical"
    ],
    "categoryRatios": {
      "rescue": 0.2747040186760047,
      "simple": 0.23805235951308987,
      "medium": 0.27233616808404204,
      "hard": 0.21490745372686343
    },
    "baseIdRatios": {
      "l3": 0.23805235951308987,
      "single": 0.12439553109888278,
      "line4": 0.09888277472069368,
      "square2": 0.09714857428714357,
      "line2": 0.08564282141070535,
      "corner4": 0.07630481907620477,
      "line3": 0.06466566616641654,
      "t4": 0.04925796231449058,
      "l5": 0.0368517592129398,
      "t5": 0.03338335834583959,
      "line5": 0.03174920793730199,
      "square3": 0.026179756544939137,
      "cross5": 0.017842254460563617,
      "z": 0.007236951809237952,
      "s": 0.00687010171752543,
      "stair5": 0.005536101384025346
    },
    "rotationShares": {
      "t4": {
        "0:0|0:1|1:1|0:2": 0.25795531482735273,
        "0:0|1:0|2:0|1:1": 0.26134055517941773,
        "1:0|0:1|1:1|1:2": 0.24035206499661477,
        "1:0|0:1|1:1|2:1": 0.24035206499661477
      },
      "square2": {
        "0:0|1:0|0:1|1:1": 1
      },
      "line2": {
        "0:0|0:1": 0.5350467289719626,
        "0:0|1:0": 0.4649532710280374
      },
      "line4": {
        "0:0|1:0|2:0|3:0": 0.4566610455311973,
        "0:0|0:1|0:2|0:3": 0.5433389544688026
      },
      "t5": {
        "1:0|1:1|0:2|1:2|2:2": 0.23376623376623376,
        "0:0|1:0|2:0|1:1|1:2": 0.26373626373626374,
        "2:0|0:1|1:1|2:1|2:2": 0.24075924075924077,
        "0:0|0:1|1:1|2:1|0:2": 0.26173826173826176
      },
      "l3": {
        "0:0|0:1|1:1": 0.27052395629027737,
        "1:0|0:1|1:1": 0.24362566545250772,
        "0:0|1:0|0:1": 0.23578033062482487,
        "0:0|1:0|1:1": 0.25007004763239005
      },
      "l5": {
        "0:0|1:0|2:0|2:1|2:2": 0.2316742081447964,
        "2:0|2:1|0:2|1:2|2:2": 0.27601809954751133,
        "0:0|0:1|0:2|1:2|2:2": 0.23619909502262443,
        "0:0|1:0|2:0|0:1|0:2": 0.25610859728506785
      },
      "corner4": {
        "2:0|0:1|1:1|2:1": 0.25655594405594406,
        "0:0|0:1|0:2|1:2": 0.24825174825174826,
        "0:0|1:0|1:1|1:2": 0.23076923076923078,
        "0:0|1:0|2:0|0:1": 0.2644230769230769
      },
      "single": {
        "0:0": 1
      },
      "line5": {
        "0:0|0:1|0:2|0:3|0:4": 0.5388655462184874,
        "0:0|1:0|2:0|3:0|4:0": 0.46113445378151263
      },
      "cross5": {
        "1:0|0:1|1:1|2:1|1:2": 1
      },
      "stair5": {
        "2:0|1:1|2:1|0:2|1:2": 0.2710843373493976,
        "0:0|0:1|1:1|1:2|2:2": 0.29518072289156627,
        "1:0|2:0|0:1|1:1|0:2": 0.25301204819277107,
        "0:0|1:0|1:1|2:1|2:2": 0.18072289156626506
      },
      "line3": {
        "0:0|1:0|2:0": 0.4564208354822073,
        "0:0|0:1|0:2": 0.5435791645177926
      },
      "square3": {
        "0:0|1:0|2:0|0:1|1:1|2:1|0:2|1:2|2:2": 1
      },
      "s": {
        "0:0|0:1|1:1|1:2": 0.5097087378640777,
        "1:0|2:0|0:1|1:1": 0.49029126213592233
      },
      "z": {
        "1:0|0:1|1:1|0:2": 0.543778801843318,
        "0:0|1:0|1:1|2:1": 0.45622119815668205
      }
    },
    "rackDuplicateRate": 0.22941470735367683,
    "consecutiveRepeatRate": 0.608104052026013,
    "similarConsecutiveRate": 0.183791895947974,
    "averageConsecutiveIntersection": 0.8091045522761381,
    "maxDroughtByBase": {
      "single": 7,
      "line2": 26,
      "line3": 30,
      "l3": 11,
      "line4": 22,
      "square2": 24,
      "corner4": 27,
      "z": 230,
      "s": 275,
      "stair5": 284,
      "t4": 40,
      "t5": 69,
      "l5": 51,
      "cross5": 121,
      "square3": 87,
      "line5": 65
    },
    "failedRate": 0.0005,
    "maxSnakeStreak": 3,
    "crowdedSamples": 7500,
    "crowdedRescueRate": 0.6890666666666667,
    "quality": {
      "fullSequenceRate": 0.799799899949975,
      "threePlaceableRate": 0.42531265632816406,
      "onlyOnePlaceableRate": 0.392096048024012,
      "forcedZeroRate": 0,
      "depthDistribution": {
        "0": 0,
        "1": 0.11385692846423212,
        "2": 0.0863431715857929,
        "3": 0.799799899949975
      },
      "averageLegalPlacements": 60.06833416708354
    },
    "generationTimeMs": {
      "average": 0.3509788952999894,
      "p95": 1.464546999999584,
      "worst": 51.092711000001145
    }
  }
}
