npm warn Unknown env config "http-proxy". This will stop working in the next major version of npm.

> test:parity
> node --disable-warning=MODULE_TYPELESS_PACKAGE_JSON --test --test-concurrency=1 tests/parity/*.test.mjs

✔ MainActivity keeps WebView timer ownership across Activity instances (4.855001ms)
✔ Android assets do not retain the ignored nested legacy engine directory (0.639048ms)
✔ wechat: mute and background stop existing effects without replaying them on return (2.285941ms)
✔ wechat: changing vibration leaves the current BGM playback position alone (1.066645ms)
✔ web: mute and background stop existing effects without replaying them on return (1.076189ms)
✔ web: changing vibration leaves the current BGM playback position alone (0.18458ms)
✔ android: mute and background stop existing effects without replaying them on return (1.093165ms)
✔ android: changing vibration leaves the current BGM playback position alone (0.225942ms)
✔ wechat: initializes an empty 10x10 board (25.746873ms)
✔ wechat: accepts legal placement and rejects bounds and overlap (2.890697ms)
✔ wechat: finds and clears horizontal, vertical, crossing and multiple lines (1.698031ms)
✔ wechat: clearArea clips at edges and reports removed cells (0.813992ms)
✔ wechat: detects when no remaining piece can be placed (1.223132ms)
✔ android: initializes an empty 10x10 board (11.620454ms)
✔ android: accepts legal placement and rejects bounds and overlap (0.524304ms)
✔ android: finds and clears horizontal, vertical, crossing and multiple lines (0.490052ms)
✔ android: clearArea clips at edges and reports removed cells (0.42977ms)
✔ android: detects when no remaining piece can be placed (0.627049ms)
✔ board operations produce identical snapshots in both versions (0.825239ms)
✔ wechat: feedback state starts inactive and uses the unified durations (19.623391ms)
✔ wechat: score feedback advances, freezes when not advanced, and expires (0.948807ms)
✔ wechat: newer clear feedback replaces older data and restarts timers (0.546568ms)
✔ wechat: line clear effect records rows, cols, cells and deterministic particles (1.177814ms)
✔ wechat: column-only and multi-line clears produce bounded laser polish (0.967675ms)
✔ wechat: line clear effect advances phases, expires, and does not grow without bound (0.873072ms)
✔ wechat: clearing feedback removes active line clear effects for undo and restart (0.525075ms)
✔ wechat: drag phases move from lifting to dragging and clear after release feedback (1.407421ms)
✔ wechat: renderer-facing drag visual follows the shared phase interpolation (0.5349ms)
✔ wechat: clear feedback labels remain identical (0.618837ms)
✔ wechat: clearing feedback resets all transient state (0.492385ms)
✔ android: feedback state starts inactive and uses the unified durations (9.854611ms)
✔ android: score feedback advances, freezes when not advanced, and expires (0.592056ms)
✔ android: newer clear feedback replaces older data and restarts timers (0.354897ms)
✔ android: line clear effect records rows, cols, cells and deterministic particles (1.980369ms)
✔ android: column-only and multi-line clears produce bounded laser polish (0.581671ms)
✔ android: line clear effect advances phases, expires, and does not grow without bound (0.643565ms)
✔ android: clearing feedback removes active line clear effects for undo and restart (0.320926ms)
✔ android: drag phases move from lifting to dragging and clear after release feedback (0.563773ms)
✔ android: renderer-facing drag visual follows the shared phase interpolation (0.30404ms)
✔ android: clear feedback labels remain identical (0.233072ms)
✔ android: clearing feedback resets all transient state (0.260614ms)
✔ both production feedback modules produce identical state transitions (0.711607ms)
✔ wechat: initializes and resets tool counts for every difficulty (19.082032ms)
✔ wechat: refresh decrements only on success and keeps a playable rack (1.4395ms)
✔ wechat: clear tool removes the selected area, decrements count, and does not add score (2.679937ms)
✔ wechat: undo restores board, rack, score and tool state and cannot repeat the same snapshot (8.244934ms)
✔ wechat: undo after a line clear removes board clear effects without replaying them (4.792407ms)
✔ wechat: invalid placement keeps the previous undo snapshot available (0.854854ms)
✔ wechat: combo state exposes deterministic feedback data (4.850704ms)
✔ wechat: no moves ends the game when no revive is available (0.648081ms)
✔ wechat: welfare revive preserves score, consumes one revive, and returns a playable rack (1.657089ms)
✔ wechat: failed revive transitions to game over and keeps the score (8.878893ms)
✔ wechat: administrator mode remains runtime-only and cannot update official scores (1.55206ms)
✔ android: initializes and resets tool counts for every difficulty (18.079935ms)
✔ android: refresh decrements only on success and keeps a playable rack (3.192644ms)
✔ android: clear tool removes the selected area, decrements count, and does not add score (0.701152ms)
✔ android: undo restores board, rack, score and tool state and cannot repeat the same snapshot (1.63816ms)
✔ android: undo after a line clear removes board clear effects without replaying them (1.701366ms)
✔ android: invalid placement keeps the previous undo snapshot available (0.644136ms)
✔ android: combo state exposes deterministic feedback data (0.679579ms)
✔ android: no moves ends the game when no revive is available (0.425825ms)
✔ android: welfare revive preserves score, consumes one revive, and returns a playable rack (1.595236ms)
✔ android: failed revive transitions to game over and keeps the score (3.076668ms)
✔ android: administrator mode remains runtime-only and cannot update official scores (0.481419ms)
✔ wechat: unified clear score keeps the existing score feedback and new-record behavior (0.834834ms)
✔ wechat: one clearing placement emits the unified events once with production score data (1.038222ms)
✔ wechat: invalid release emits no score or clear feedback events (0.614851ms)
✔ wechat: placement without a clear emits score data without starting clear-only pulse feedback (0.87815ms)
✔ wechat: feedback timers freeze while paused and reset with a new game (0.900964ms)
✔ wechat: administrator scoring does not emit a normal high-score event (0.360636ms)
✔ android: one clearing placement emits the unified events once with production score data (1.435855ms)
✔ android: invalid release emits no score or clear feedback events (0.339063ms)
✔ android: placement without a clear emits score data without starting clear-only pulse feedback (0.850538ms)
✔ android: feedback timers freeze while paused and reset with a new game (0.921755ms)
✔ android: administrator scoring does not emit a normal high-score event (0.437142ms)
✔ drag feedback phase transitions remain equivalent across versions (0.923488ms)
✔ tool, undo and revive snapshots remain equivalent across versions (3.075687ms)
✔ wechat: independent real games retain the latest record and correct feedback (19.697123ms)
✔ android: independent real games retain the latest record and correct feedback (17.382229ms)
✔ web: independent real games retain the latest record and correct feedback (13.504427ms)
✔ ordinary best writes preserve failure and explicit-reset contracts (0.681612ms)
✔ browser coordination serializes complete mutations and explicit reset (3.259926ms)
✔ wechat: touch end syncs final coordinates and touch cancel clears drag (21.389116ms)
✔ android: touch end syncs final coordinates and touch cancel clears drag (10.262749ms)
✔ web: initially hidden startup neither plays saved BGM nor schedules drawing (25.957943ms)
✔ web: delayed storage events use their own values while an own write is pending (8.485208ms)
✔ web: real keyboard callbacks redraw idle input and preserve validation feedback (16.277986ms)
✔ web: losing a mouse release cancels only input and never changes audio visibility (14.305029ms)
✔ web: another difficulty's storage event does not invent a first-game record threshold (3.768295ms)
✔ android: initially hidden startup neither plays saved BGM nor schedules drawing (18.000024ms)
✔ android: delayed storage events use their own values while an own write is pending (7.810476ms)
✔ android: real keyboard callbacks redraw idle input and preserve validation feedback (16.929313ms)
✔ android: losing a mouse release cancels only input and never changes audio visibility (15.322169ms)
✔ android: another difficulty's storage event does not invent a first-game record threshold (4.893609ms)
✔ wechat: cancelling the next drag preserves feedback from the previous placement (16.025699ms)
✔ web: cancelling the next drag preserves feedback from the previous placement (2.21238ms)
✔ android: cancelling the next drag preserves feedback from the previous placement (2.598445ms)
✔ Android home layout keeps modules in a vertical chain with and without admin mode (3.297362ms)
✔ wechat: home layout exposes a safe vertical information hierarchy (6.704681ms)
✔ wechat: HUD score text fits between left controls and right safe area (1.788167ms)
✔ android: HUD uses a centered score column below a symmetric control bar (2.151437ms)
✔ wechat: Renderer board starts below the fitted HUD (10.502682ms)
✔ android: Renderer board starts below the fitted HUD (13.787485ms)
✔ web: real Main and state resize, freeze, consume events, and resume (216.825373ms)
✔ android: real Main and state resize, freeze, consume events, and resume (243.569946ms)
✔ wechat: InputManager swallows new touches while a modal close motion is visible (18.227098ms)
✔ wechat: settings closing gate also blocks rack input during the afterimage (1.971896ms)
✔ web: InputManager swallows new touches while a modal close motion is visible (12.11269ms)
✔ web: settings closing gate also blocks rack input during the afterimage (1.132524ms)
✔ web: one settings tab tap requests exactly one immediate render (1.390145ms)
✔ android: InputManager swallows new touches while a modal close motion is visible (11.762168ms)
✔ android: settings closing gate also blocks rack input during the afterimage (1.208209ms)
✔ android: one settings tab tap requests exactly one immediate render (1.841609ms)
✔ wechat: settings modal shell keeps header, content and footer inside the viewport (2.819379ms)
✔ wechat: settings rows fit their content area on small screens for both tabs (1.236843ms)
✔ wechat: settings row rects carry label, key and value through the layout (0.382159ms)
✔ wechat: help rows fit the modal content area on small screens (0.948606ms)
✔ wechat: compact modals keep their action buttons above the footer boundary (0.682013ms)
✔ android: settings modal shell keeps header, content and footer inside the viewport (1.899516ms)
✔ android: settings rows fit their content area on small screens for both tabs (0.923248ms)
✔ android: settings row rects carry label, key and value through the layout (0.220895ms)
✔ android: help rows fit the modal content area on small screens (0.626098ms)
✔ android: compact modals keep their action buttons above the footer boundary (0.427988ms)
✔ web: settings modal shell keeps header, content and footer inside the viewport (1.496371ms)
✔ web: settings rows fit their content area on small screens for both tabs (2.458082ms)
✔ web: settings row rects carry label, key and value through the layout (0.254495ms)
✔ web: help rows fit the modal content area on small screens (0.603384ms)
✔ web: compact modals keep their action buttons above the footer boundary (0.268506ms)
✔ wechat: loads the shared core modules (10.88448ms)
✔ android: loads the shared core modules (11.251055ms)
✔ wechat: combo excludes nested pauses but still expires during idle play without frames (16.370807ms)
✔ wechat: an unusable viewport cannot draw negative cells or advance a pending clear (14.136905ms)
✔ web: combo excludes nested pauses but still expires during idle play without frames (11.113907ms)
✔ web: an unusable viewport cannot draw negative cells or advance a pending clear (13.653463ms)
✔ android: combo excludes nested pauses but still expires during idle play without frames (12.057957ms)
✔ android: an unusable viewport cannot draw negative cells or advance a pending clear (11.807438ms)
✔ wechat: family sampling keeps rotation count out of base frequency (168.668048ms)
✔ wechat: rotations inside a family stay close to uniform (73.307914ms)
✔ wechat: recent rack history penalizes but never bans base shapes (130.861303ms)
✔ wechat: same-base duplicates respect the per-difficulty caps (4.836663ms)
✔ wechat: viability evaluator agrees with real board placements (2.21927ms)
✔ wechat: viability gate keeps easy racks fully playable and blocks dead sequences (0.900934ms)
✔ wechat: board pressure buckets follow fill ratio and placements (1.945967ms)
✔ android: family sampling keeps rotation count out of base frequency (109.137336ms)
✔ android: rotations inside a family stay close to uniform (73.293308ms)
✔ android: recent rack history penalizes but never bans base shapes (116.245468ms)
✔ android: same-base duplicates respect the per-difficulty caps (6.723329ms)
✔ android: viability evaluator agrees with real board placements (4.032656ms)
✔ android: viability gate keeps easy racks fully playable and blocks dead sequences (1.05009ms)
✔ android: board pressure buckets follow fill ratio and placements (1.828058ms)
✔ piece generation simulation reports per-difficulty statistics (274.310151ms)
✔ wechat: shape definitions and difficulty configuration match the frozen specification (12.82032ms)
✔ wechat: easy racks always include rescue pieces and exclude hard pieces (17.354976ms)
✔ wechat: normal and master rack constraints reject disabled combinations (4.654197ms)
✔ wechat: createRack stops after the configured maximum attempts (1.095198ms)
✔ android: shape definitions and difficulty configuration match the frozen specification (5.296429ms)
✔ android: easy racks always include rescue pieces and exclude hard pieces (11.623278ms)
✔ android: normal and master rack constraints reject disabled combinations (2.116634ms)
✔ android: createRack stops after the configured maximum attempts (0.537885ms)
✔ fixed random sequences generate equivalent racks in both versions (2.518793ms)
✔ platform manifest declares shared, platform-specific, generated, and resource sections (4.087479ms)
✔ platform manifest never classifies audio as shared source (1.20854ms)
✔ three feedback adapters keep identical event, motion, and lifetime implementation (6.249552ms)
✔ wechat: quick release keeps the current pose and returns exactly to the rack footprint (18.71206ms)
✔ wechat: settling remains opaque and matches board cell size (6.490106ms)
✔ wechat: score interpolation never writes score and action feedback freezes, expires, and clears (3.814646ms)
✔ wechat: successful tools emit one result, failed tools emit none, revive preserves its eligibility (6.936061ms)
✔ wechat: raster cache is bounded, reuses a dense board, and releases on resize (6.164713ms)
✔ web: quick release keeps the current pose and returns exactly to the rack footprint (7.917447ms)
✔ web: settling remains opaque and matches board cell size (5.65362ms)
✔ web: score interpolation never writes score and action feedback freezes, expires, and clears (3.140965ms)
✔ web: successful tools emit one result, failed tools emit none, revive preserves its eligibility (9.764303ms)
✔ web: raster cache is bounded, reuses a dense board, and releases on resize (6.668276ms)
✔ android: quick release keeps the current pose and returns exactly to the rack footprint (7.852369ms)
✔ android: settling remains opaque and matches board cell size (8.242438ms)
✔ android: score interpolation never writes score and action feedback freezes, expires, and clears (2.812098ms)
✔ android: successful tools emit one result, failed tools emit none, revive preserves its eligibility (4.90066ms)
✔ android: raster cache is bounded, reuses a dense board, and releases on resize (5.616603ms)
✔ wechat: consumeRevive re-points rack history at the regenerated rack (41.897323ms)
✔ wechat: undo restores the rack history saved with the snapshot (7.632566ms)
✔ android: consumeRevive re-points rack history at the regenerated rack (15.878801ms)
✔ android: undo restores the rack history saved with the snapshot (3.407969ms)
✔ web: consumeRevive re-points rack history at the regenerated rack (14.613886ms)
✔ web: undo restores the rack history saved with the snapshot (3.092032ms)
✔ wechat: rack hit areas include a surrounding touch target without crossing slots (12.464521ms)
✔ web: rack hit areas include a surrounding touch target without crossing slots (12.22557ms)
✔ android: rack hit areas include a surrounding touch target without crossing slots (15.13227ms)
✔ Android scheduler stays idle, wakes for work, and stops while paused (1.451228ms)
✔ wechat: a failed read after a successful reset recovers before the next own score (16.708276ms)
✔ web: a failed read after a successful reset recovers before the next own score (14.706836ms)
✔ android: a failed read after a successful reset recovers before the next own score (13.996582ms)
✔ web: display-only refresh cannot hide a pending reset threshold (next own score) (1.333048ms)
✔ web: display-only refresh cannot hide a pending reset threshold (queued own score) (1.146776ms)
✔ web: reset completion reconciles its threshold even when display is already current (2.567211ms)
✔ web: reset success, failed read, own write queued before completion (1.145815ms)
✔ web: reset reject-after-update, failed read, own write queued after completion (5.755484ms)
✔ web: reset reject-after-update, failed read, own write queued before completion (0.903678ms)
✔ web: reset reject-before-update, failed read, own write queued after completion (2.55573ms)
✔ web: reset reject-before-update, failed read, own write queued before completion (0.783486ms)
✔ android: display-only refresh cannot hide a pending reset threshold (next own score) (1.782669ms)
✔ android: display-only refresh cannot hide a pending reset threshold (queued own score) (1.066214ms)
✔ android: reset completion reconciles its threshold even when display is already current (0.925712ms)
✔ android: reset success, failed read, own write queued before completion (0.877128ms)
✔ android: reset reject-after-update, failed read, own write queued after completion (0.980775ms)
✔ android: reset reject-after-update, failed read, own write queued before completion (0.820673ms)
✔ android: reset reject-before-update, failed read, own write queued after completion (0.815905ms)
✔ android: reset reject-before-update, failed read, own write queued before completion (0.754793ms)
✔ wechat audio remains under the light resource budget (4.175822ms)
✔ web and Android retain the full audio budget (3.212213ms)
✔ resource map resolves every logical sound on both quality tiers (0.417983ms)
✔ published audio directories contain only mapped audio files (9.034097ms)
✔ Android and web full audio files remain byte-identical (29.161732ms)
✔ wechat: placement and line formulas match the frozen values (14.494515ms)
✔ wechat: placement returns the unified score result without changing its value (8.189239ms)
✔ wechat: every line-clear vector returns the unified score result (1.192305ms)
✔ wechat: updates only a higher eligible best score (1.005172ms)
✔ wechat: administrator-ineligible scores never update official best scores (0.952162ms)
✔ android: placement and line formulas match the frozen values (13.290868ms)
✔ android: placement returns the unified score result without changing its value (0.687351ms)
✔ android: every line-clear vector returns the unified score result (0.533718ms)
✔ android: updates only a higher eligible best score (0.388198ms)
✔ android: administrator-ineligible scores never update official best scores (0.489511ms)
✔ both versions return deeply equal production score results for the same vectors (0.936307ms)
✔ web: resetting next round's difficulty does not invalidate active-round saves (29.355789ms)
✔ web: old-round saves retain history without changing the selected home difficulty (3.212324ms)
✔ web: reset completion reconciles a new round and preserves a newly selected difficulty (2.169545ms)
✔ web: reset queued after an old score wins without an unlocked write (1.249602ms)
✔ android: resetting next round's difficulty does not invalidate active-round saves (18.781846ms)
✔ android: old-round saves retain history without changing the selected home difficulty (1.966637ms)
✔ android: reset completion reconciles a new round and preserves a newly selected difficulty (1.280118ms)
✔ android: reset queued after an old score wins without an unlocked write (1.129851ms)
✔ wechat: reset failure never pretends the stored record was cleared (9.41227ms)
✔ wechat: undo cannot requalify a round after administrator tools become available (8.619169ms)
✔ web: reset failure never pretends the stored record was cleared (2.75403ms)
✔ web: undo cannot requalify a round after administrator tools become available (2.237918ms)
✔ android: reset failure never pretends the stored record was cleared (0.582963ms)
✔ android: undo cannot requalify a round after administrator tools become available (2.314143ms)
✔ wechat: cancelled and superseded admin verification cannot affect a later panel or round (1.547523ms)
✔ wechat: failed or malformed reads never authorize writes (15.804999ms)
✔ wechat: partial objects and recovery preserve other difficulties (3.137199ms)
✔ web: failed or malformed reads never authorize writes (14.842061ms)
✔ web: partial objects and recovery preserve other difficulties (0.602322ms)
✔ android: failed or malformed reads never authorize writes (8.231022ms)
✔ android: partial objects and recovery preserve other difficulties (0.451854ms)
✔ wechat: returns defaults for empty and invalid storage values (12.263908ms)
✔ wechat: fills missing settings and normalizes invalid fields (1.813726ms)
✔ wechat: saves settings and separate difficulty best scores (0.735133ms)
✔ wechat: sanitizes wrong best-score types and migrates the legacy score (1.143772ms)
✔ android: returns defaults for empty and invalid storage values (10.647501ms)
✔ android: fills missing settings and normalizes invalid fields (0.378252ms)
✔ android: saves settings and separate difficulty best scores (0.720141ms)
✔ android: sanitizes wrong best-score types and migrates the legacy score (0.784247ms)
✔ Android shim returns malformed JSON safely and storage logic falls back to defaults (2.372452ms)
✔ logical save objects remain equivalent across WeChat and Android modules (1.921429ms)
✔ sync inventory is complete, normalized and independently checks orphan files (2518.79795ms)
✔ sync is idempotent, accepts a single normalized spelling, and detects drift and partial I/O failure (807.57195ms)
✔ wechat: complete InputManager owns touch identity and cancels all queued input (25.458805ms)
✔ web: complete InputManager owns touch identity and cancels all queued input (16.352309ms)
✔ android: complete InputManager owns touch identity and cancels all queued input (14.142572ms)
✔ wechat: ui press feedback is created, decays and is cleaned up automatically (24.599203ms)
✔ wechat: multiple presses live independently and large advances purge all of them (3.499839ms)
✔ wechat: modal open motion progresses from dimmed to identity and finishes cleanly (0.586968ms)
✔ wechat: modal close motion fades out faster than it opens (0.488209ms)
✔ wechat: modal motion is keyed per modal kind and rejects unknown kinds (0.601071ms)
✔ wechat: ui motion advances independently from gameplay feedback freezing (0.540438ms)
✔ wechat: ui motion state resets with the rest of the feedback state (0.455981ms)
✔ android: ui press feedback is created, decays and is cleaned up automatically (7.880381ms)
✔ android: multiple presses live independently and large advances purge all of them (0.396179ms)
✔ android: modal open motion progresses from dimmed to identity and finishes cleanly (0.59406ms)
✔ android: modal close motion fades out faster than it opens (0.42903ms)
✔ android: modal motion is keyed per modal kind and rejects unknown kinds (0.300795ms)
✔ android: ui motion advances independently from gameplay feedback freezing (0.479656ms)
✔ android: ui motion state resets with the rest of the feedback state (0.327276ms)
✔ web: shim re-arms DPR notifications without writing a bitmap (3.452627ms)
✔ android: shim re-arms DPR notifications without writing a bitmap (1.619572ms)
✔ web: repeated BGM synchronization resumes without resetting the track (2.656022ms)
✔ web: browser shim reserves lifecycle callbacks for real page visibility (4.785055ms)
✔ android: repeated BGM synchronization resumes without resetting the track (1.276413ms)
✔ android: browser shim reserves lifecycle callbacks for real page visibility (6.591696ms)
✔ web: loads the same deterministic modules as Android (54.176084ms)
✔ wechat: real Main wakes on native callbacks, idles, freezes, resizes, and never replays feedback (156.57931ms)
ℹ tests 281
ℹ suites 0
ℹ pass 281
ℹ fail 0
ℹ cancelled 0
ℹ skipped 0
ℹ todo 0
ℹ duration_ms 9609.761347
