npm warn Unknown env config "http-proxy". This will stop working in the next major version of npm.

> test:parity
> node --disable-warning=MODULE_TYPELESS_PACKAGE_JSON --test --test-concurrency=1 tests/parity/*.test.mjs

✔ MainActivity keeps WebView timer ownership across Activity instances (3.159993ms)
✔ Android assets do not retain the ignored nested legacy engine directory (0.665227ms)
✔ wechat: initializes an empty 10x10 board (12.169293ms)
✔ wechat: accepts legal placement and rejects bounds and overlap (2.221322ms)
✔ wechat: finds and clears horizontal, vertical, crossing and multiple lines (1.443836ms)
✔ wechat: clearArea clips at edges and reports removed cells (0.540779ms)
✔ wechat: detects when no remaining piece can be placed (0.900343ms)
✔ android: initializes an empty 10x10 board (7.66258ms)
✔ android: accepts legal placement and rejects bounds and overlap (0.426415ms)
✔ android: finds and clears horizontal, vertical, crossing and multiple lines (0.510694ms)
✔ android: clearArea clips at edges and reports removed cells (0.495751ms)
✔ android: detects when no remaining piece can be placed (0.823857ms)
✔ board operations produce identical snapshots in both versions (0.756426ms)
✔ wechat: feedback state starts inactive and uses the unified durations (14.645531ms)
✔ wechat: score feedback advances, freezes when not advanced, and expires (0.925661ms)
✔ wechat: newer clear feedback replaces older data and restarts timers (0.433557ms)
✔ wechat: line clear effect records rows, cols, cells and deterministic particles (1.236642ms)
✔ wechat: column-only and multi-line clears produce bounded laser polish (1.052323ms)
✔ wechat: line clear effect advances phases, expires, and does not grow without bound (0.836576ms)
✔ wechat: clearing feedback removes active line clear effects for undo and restart (1.931173ms)
✔ wechat: drag phases move from lifting to dragging and clear after release feedback (0.802174ms)
✔ wechat: renderer-facing drag visual follows the shared phase interpolation (0.475129ms)
✔ wechat: clear feedback labels remain identical (0.470172ms)
✔ wechat: clearing feedback resets all transient state (0.474198ms)
✔ android: feedback state starts inactive and uses the unified durations (8.627501ms)
✔ android: score feedback advances, freezes when not advanced, and expires (0.649313ms)
✔ android: newer clear feedback replaces older data and restarts timers (0.31719ms)
✔ android: line clear effect records rows, cols, cells and deterministic particles (0.912131ms)
✔ android: column-only and multi-line clears produce bounded laser polish (3.011258ms)
✔ android: line clear effect advances phases, expires, and does not grow without bound (0.770306ms)
✔ android: clearing feedback removes active line clear effects for undo and restart (0.375178ms)
✔ android: drag phases move from lifting to dragging and clear after release feedback (0.525636ms)
✔ android: renderer-facing drag visual follows the shared phase interpolation (0.386085ms)
✔ android: clear feedback labels remain identical (0.273213ms)
✔ android: clearing feedback resets all transient state (0.25101ms)
✔ both production feedback modules produce identical state transitions (0.717886ms)
✔ wechat: initializes and resets tool counts for every difficulty (17.3525ms)
✔ wechat: refresh decrements only on success and keeps a playable rack (1.484156ms)
✔ wechat: clear tool removes the selected area, decrements count, and does not add score (1.220427ms)
✔ wechat: undo restores board, rack, score and tool state and cannot repeat the same snapshot (2.619065ms)
✔ wechat: undo after a line clear removes board clear effects without replaying them (2.849223ms)
✔ wechat: invalid placement keeps the previous undo snapshot available (0.922757ms)
✔ wechat: combo state exposes deterministic feedback data (0.798018ms)
✔ wechat: no moves ends the game when no revive is available (0.536172ms)
✔ wechat: welfare revive preserves score, consumes one revive, and returns a playable rack (2.044495ms)
✔ wechat: failed revive transitions to game over and keeps the score (3.565087ms)
✔ wechat: administrator mode remains runtime-only and cannot update official scores (1.71041ms)
✔ android: initializes and resets tool counts for every difficulty (12.428024ms)
✔ android: refresh decrements only on success and keeps a playable rack (1.662527ms)
✔ android: clear tool removes the selected area, decrements count, and does not add score (0.857589ms)
✔ android: undo restores board, rack, score and tool state and cannot repeat the same snapshot (2.164597ms)
✔ android: undo after a line clear removes board clear effects without replaying them (2.100359ms)
✔ android: invalid placement keeps the previous undo snapshot available (0.640019ms)
✔ android: combo state exposes deterministic feedback data (0.692448ms)
✔ android: no moves ends the game when no revive is available (0.538726ms)
✔ android: welfare revive preserves score, consumes one revive, and returns a playable rack (1.424567ms)
✔ android: failed revive transitions to game over and keeps the score (2.666817ms)
✔ android: administrator mode remains runtime-only and cannot update official scores (0.375889ms)
✔ wechat: unified clear score keeps the existing score feedback and new-record behavior (0.661662ms)
✔ wechat: one clearing placement emits the unified events once with production score data (1.167978ms)
✔ wechat: invalid release emits no score or clear feedback events (0.627991ms)
✔ wechat: placement without a clear emits score data without starting clear-only pulse feedback (1.114127ms)
✔ wechat: feedback timers freeze while paused and reset with a new game (0.966894ms)
✔ wechat: administrator scoring does not emit a normal high-score event (0.313645ms)
✔ android: one clearing placement emits the unified events once with production score data (0.969918ms)
✔ android: invalid release emits no score or clear feedback events (0.380646ms)
✔ android: placement without a clear emits score data without starting clear-only pulse feedback (0.855145ms)
✔ android: feedback timers freeze while paused and reset with a new game (0.715052ms)
✔ android: administrator scoring does not emit a normal high-score event (0.437452ms)
✔ drag feedback phase transitions remain equivalent across versions (1.299778ms)
✔ tool, undo and revive snapshots remain equivalent across versions (1.828618ms)
✔ wechat: independent real games retain the latest record and correct feedback (23.784716ms)
✔ android: independent real games retain the latest record and correct feedback (18.037857ms)
✔ web: independent real games retain the latest record and correct feedback (21.862256ms)
✔ ordinary best writes preserve failure and explicit-reset contracts (1.009368ms)
✔ browser coordination serializes complete mutations and explicit reset (4.648998ms)
✔ wechat: touch end syncs final coordinates and touch cancel clears drag (14.419719ms)
✔ android: touch end syncs final coordinates and touch cancel clears drag (9.883752ms)
✔ Android home layout keeps modules in a vertical chain with and without admin mode (3.132642ms)
✔ wechat: home layout exposes a safe vertical information hierarchy (2.465362ms)
✔ wechat: HUD score text fits between left controls and right safe area (1.518178ms)
✔ android: HUD uses a centered score column below a symmetric control bar (1.795027ms)
✔ wechat: Renderer board starts below the fitted HUD (10.131757ms)
✔ android: Renderer board starts below the fitted HUD (9.886697ms)
✔ web: real Main and state resize, freeze, consume events, and resume (219.170751ms)
✔ android: real Main and state resize, freeze, consume events, and resume (213.724597ms)
✔ wechat: InputManager swallows new touches while a modal close motion is visible (14.668987ms)
✔ wechat: settings closing gate also blocks rack input during the afterimage (1.540862ms)
✔ web: InputManager swallows new touches while a modal close motion is visible (12.401073ms)
✔ web: settings closing gate also blocks rack input during the afterimage (1.115799ms)
✔ web: one settings tab tap requests exactly one immediate render (1.589927ms)
✔ android: InputManager swallows new touches while a modal close motion is visible (11.476403ms)
✔ android: settings closing gate also blocks rack input during the afterimage (0.919882ms)
✔ android: one settings tab tap requests exactly one immediate render (0.899482ms)
✔ wechat: settings modal shell keeps header, content and footer inside the viewport (2.538684ms)
✔ wechat: settings rows fit their content area on small screens for both tabs (1.166907ms)
✔ wechat: settings row rects carry label, key and value through the layout (0.331121ms)
✔ wechat: help rows fit the modal content area on small screens (0.837428ms)
✔ wechat: compact modals keep their action buttons above the footer boundary (0.426546ms)
✔ android: settings modal shell keeps header, content and footer inside the viewport (2.099309ms)
✔ android: settings rows fit their content area on small screens for both tabs (0.900924ms)
✔ android: settings row rects carry label, key and value through the layout (0.344011ms)
✔ android: help rows fit the modal content area on small screens (0.628342ms)
✔ android: compact modals keep their action buttons above the footer boundary (0.412995ms)
✔ web: settings modal shell keeps header, content and footer inside the viewport (1.168379ms)
✔ web: settings rows fit their content area on small screens for both tabs (0.701161ms)
✔ web: settings row rects carry label, key and value through the layout (0.23128ms)
✔ web: help rows fit the modal content area on small screens (0.352594ms)
✔ web: compact modals keep their action buttons above the footer boundary (0.198981ms)
✔ wechat: loads the shared core modules (15.242805ms)
✔ android: loads the shared core modules (10.693248ms)
✔ wechat: family sampling keeps rotation count out of base frequency (121.098227ms)
✔ wechat: rotations inside a family stay close to uniform (87.527825ms)
✔ wechat: recent rack history penalizes but never bans base shapes (108.818998ms)
✔ wechat: same-base duplicates respect the per-difficulty caps (4.942412ms)
✔ wechat: viability evaluator agrees with real board placements (2.111767ms)
✔ wechat: viability gate keeps easy racks fully playable and blocks dead sequences (1.150001ms)
✔ wechat: board pressure buckets follow fill ratio and placements (1.894628ms)
✔ android: family sampling keeps rotation count out of base frequency (130.783299ms)
✔ android: rotations inside a family stay close to uniform (76.482474ms)
✔ android: recent rack history penalizes but never bans base shapes (101.040632ms)
✔ android: same-base duplicates respect the per-difficulty caps (2.011835ms)
✔ android: viability evaluator agrees with real board placements (4.983064ms)
✔ android: viability gate keeps easy racks fully playable and blocks dead sequences (0.774632ms)
✔ android: board pressure buckets follow fill ratio and placements (2.255945ms)
✔ piece generation simulation reports per-difficulty statistics (287.166834ms)
✔ wechat: shape definitions and difficulty configuration match the frozen specification (14.780505ms)
✔ wechat: easy racks always include rescue pieces and exclude hard pieces (17.761839ms)
✔ wechat: normal and master rack constraints reject disabled combinations (6.517436ms)
✔ wechat: createRack stops after the configured maximum attempts (1.540052ms)
✔ android: shape definitions and difficulty configuration match the frozen specification (6.369052ms)
✔ android: easy racks always include rescue pieces and exclude hard pieces (16.484736ms)
✔ android: normal and master rack constraints reject disabled combinations (2.689843ms)
✔ android: createRack stops after the configured maximum attempts (0.593419ms)
✔ fixed random sequences generate equivalent racks in both versions (2.31147ms)
✔ platform manifest declares shared, platform-specific, generated, and resource sections (4.123162ms)
✔ platform manifest never classifies audio as shared source (1.493291ms)
✔ three feedback adapters keep identical event, motion, and lifetime implementation (6.289352ms)
✔ wechat: quick release keeps the current pose and returns exactly to the rack footprint (12.101821ms)
✔ wechat: settling remains opaque and matches board cell size (5.728312ms)
✔ wechat: score interpolation never writes score and action feedback freezes, expires, and clears (4.254761ms)
✔ wechat: successful tools emit one result, failed tools emit none, revive preserves its eligibility (4.238006ms)
✔ wechat: raster cache is bounded, reuses a dense board, and releases on resize (6.09037ms)
✔ web: quick release keeps the current pose and returns exactly to the rack footprint (7.49744ms)
✔ web: settling remains opaque and matches board cell size (5.086881ms)
✔ web: score interpolation never writes score and action feedback freezes, expires, and clears (2.865949ms)
✔ web: successful tools emit one result, failed tools emit none, revive preserves its eligibility (3.713471ms)
✔ web: raster cache is bounded, reuses a dense board, and releases on resize (6.642406ms)
✔ android: quick release keeps the current pose and returns exactly to the rack footprint (11.156239ms)
✔ android: settling remains opaque and matches board cell size (7.613677ms)
✔ android: score interpolation never writes score and action feedback freezes, expires, and clears (4.123702ms)
✔ android: successful tools emit one result, failed tools emit none, revive preserves its eligibility (9.002333ms)
✔ android: raster cache is bounded, reuses a dense board, and releases on resize (3.830719ms)
✔ wechat: consumeRevive re-points rack history at the regenerated rack (20.299951ms)
✔ wechat: undo restores the rack history saved with the snapshot (2.012467ms)
✔ android: consumeRevive re-points rack history at the regenerated rack (14.08987ms)
✔ android: undo restores the rack history saved with the snapshot (1.856271ms)
✔ web: consumeRevive re-points rack history at the regenerated rack (14.835799ms)
✔ web: undo restores the rack history saved with the snapshot (1.574524ms)
✔ wechat: rack hit areas include a surrounding touch target without crossing slots (11.546701ms)
✔ web: rack hit areas include a surrounding touch target without crossing slots (13.27763ms)
✔ android: rack hit areas include a surrounding touch target without crossing slots (13.168445ms)
✔ Android scheduler stays idle, wakes for work, and stops while paused (1.471427ms)
✔ wechat audio remains under the light resource budget (4.398529ms)
✔ web and Android retain the full audio budget (3.583931ms)
✔ resource map resolves every logical sound on both quality tiers (0.406605ms)
✔ published audio directories contain only mapped audio files (1.90245ms)
✔ Android and web full audio files remain byte-identical (23.113121ms)
✔ wechat: placement and line formulas match the frozen values (11.245474ms)
✔ wechat: placement returns the unified score result without changing its value (2.570231ms)
✔ wechat: every line-clear vector returns the unified score result (0.722354ms)
✔ wechat: updates only a higher eligible best score (0.618807ms)
✔ wechat: administrator-ineligible scores never update official best scores (0.868716ms)
✔ android: placement and line formulas match the frozen values (7.918117ms)
✔ android: placement returns the unified score result without changing its value (0.872251ms)
✔ android: every line-clear vector returns the unified score result (0.490302ms)
✔ android: updates only a higher eligible best score (0.385003ms)
✔ android: administrator-ineligible scores never update official best scores (0.479436ms)
✔ both versions return deeply equal production score results for the same vectors (1.024451ms)
✔ wechat: failed or malformed reads never authorize writes (11.97542ms)
✔ wechat: partial objects and recovery preserve other difficulties (2.276636ms)
✔ web: failed or malformed reads never authorize writes (8.070518ms)
✔ web: partial objects and recovery preserve other difficulties (0.603564ms)
✔ android: failed or malformed reads never authorize writes (9.980438ms)
✔ android: partial objects and recovery preserve other difficulties (0.494178ms)
✔ wechat: returns defaults for empty and invalid storage values (11.675414ms)
✔ wechat: fills missing settings and normalizes invalid fields (1.946587ms)
✔ wechat: saves settings and separate difficulty best scores (0.694632ms)
✔ wechat: sanitizes wrong best-score types and migrates the legacy score (1.332487ms)
✔ android: returns defaults for empty and invalid storage values (8.486377ms)
✔ android: fills missing settings and normalizes invalid fields (0.403271ms)
✔ android: saves settings and separate difficulty best scores (0.518055ms)
✔ android: sanitizes wrong best-score types and migrates the legacy score (0.677285ms)
✔ Android shim returns malformed JSON safely and storage logic falls back to defaults (2.319722ms)
✔ logical save objects remain equivalent across WeChat and Android modules (0.984821ms)
✔ sync inventory is complete, normalized and independently checks orphan files (1968.223178ms)
✔ sync is idempotent, accepts a single normalized spelling, and detects drift and partial I/O failure (628.600652ms)
✔ wechat: complete InputManager owns touch identity and cancels all queued input (14.565089ms)
✔ web: complete InputManager owns touch identity and cancels all queued input (10.177868ms)
✔ android: complete InputManager owns touch identity and cancels all queued input (10.223498ms)
✔ wechat: ui press feedback is created, decays and is cleaned up automatically (12.02241ms)
✔ wechat: multiple presses live independently and large advances purge all of them (2.076804ms)
✔ wechat: modal open motion progresses from dimmed to identity and finishes cleanly (0.578205ms)
✔ wechat: modal close motion fades out faster than it opens (0.649864ms)
✔ wechat: modal motion is keyed per modal kind and rejects unknown kinds (0.632187ms)
✔ wechat: ui motion advances independently from gameplay feedback freezing (5.355037ms)
✔ wechat: ui motion state resets with the rest of the feedback state (0.699549ms)
✔ android: ui press feedback is created, decays and is cleaned up automatically (9.462815ms)
✔ android: multiple presses live independently and large advances purge all of them (0.40965ms)
✔ android: modal open motion progresses from dimmed to identity and finishes cleanly (0.716755ms)
✔ android: modal close motion fades out faster than it opens (0.393465ms)
✔ android: modal motion is keyed per modal kind and rejects unknown kinds (0.292243ms)
✔ android: ui motion advances independently from gameplay feedback freezing (0.453416ms)
✔ android: ui motion state resets with the rest of the feedback state (0.35659ms)
✔ web: shim re-arms DPR notifications without writing a bitmap (3.37528ms)
✔ android: shim re-arms DPR notifications without writing a bitmap (2.100741ms)
✔ web: repeated BGM synchronization resumes without resetting the track (1.982201ms)
✔ web: browser shim reserves lifecycle callbacks for real page visibility (3.781765ms)
✔ android: repeated BGM synchronization resumes without resetting the track (1.353039ms)
✔ android: browser shim reserves lifecycle callbacks for real page visibility (1.082478ms)
✔ web: loads the same deterministic modules as Android (23.028182ms)
✔ wechat: real Main wakes on native callbacks, idles, freezes, resizes, and never replays feedback (113.98599ms)
ℹ tests 222
ℹ suites 0
ℹ pass 222
ℹ fail 0
ℹ cancelled 0
ℹ skipped 0
ℹ todo 0
ℹ duration_ms 7337.10287
